<?xml version="1.0" encoding="UTF-8"?>
<testsuites name="jest tests" tests="1" failures="0" errors="0" time="0.682">
  <testsuite name="undefined" errors="0" failures="0" skipped="0" timestamp="2022-10-12T13:27:39" time="0.329" tests="1">
    <testcase classname=" renders learn react link" name=" renders learn react link" time="0.024">
    </testcase>
  </testsuite>
</testsuites>